Merged successfully for p_2
